// Jest Snapshot v1, https://goo.gl/fbAQLP

exports[`renders correctly 1`] = `
<div
  className="container mx-auto p-4"
>
  <div
    className="flex justify-between items-center mb-6"
  >
    <h1
      className="text-3xl font-bold"
    >
      Library
    </h1>
    <button
      className="bg-indigo-600 hover:bg-indigo-700 text-white font-bold py-2 px-4 rounded focus:outline-none focus:shadow-outline"
      onClick={[Function]}
    >
      Upload Notes
    </button>
  </div>
  <div
    className="max-w-lg mx-auto mt-10 p-6 bg-white rounded-lg shadow-md"
  >
    <h2
      className="text-2xl font-bold mb-6 text-center"
    >
      Search Books
    </h2>
    <div
      className="mb-4"
    >
      <input
        className="shadow appearance-none border rounded w-full py-2 px-3 text-gray-700 leading-tight focus:outline-none focus:shadow-outline"
        onChange={[Function]}
        type="text"
        value=""
      />
      <button
        className="mt-4 w-full bg-indigo-600 hover:bg-indigo-700 text-white font-bold py-2 px-4 rounded focus:outline-none focus:shadow-outline"
        onClick={[Function]}
      >
        Search
      </button>
    </div>
    <div />
  </div>
</div>
`;
