// Jest Snapshot v1, https://goo.gl/fbAQLP

exports[`renders correctly 1`] = `
<div
  className="fixed top-0 left-0 right-0 flex items-center justify-center p-6"
>
  <div
    className="bg-red-200 p-6 rounded-lg shadow-lg max-w-3xl w-full"
  >
    <img
      alt="NUSTudy Logo"
      className="mb-4 mx-auto"
      height={200}
      src="deve.png"
      width={200}
    />
    <span
      aria-valuemax={100}
      aria-valuemin={0}
      aria-valuenow={0}
      className="MuiLinearProgress-root MuiLinearProgress-colorPrimary MuiLinearProgress-determinate css-13vmswx-MuiLinearProgress-root"
      role="progressbar"
    >
      <span
        className="MuiLinearProgress-bar MuiLinearProgress-barColorPrimary MuiLinearProgress-bar1Determinate css-5xe99f-MuiLinearProgress-bar1"
        style={
          Object {
            "transform": "translateX(-100%)",
          }
        }
      />
    </span>
    <h6
      className="MuiTypography-root MuiTypography-h6 MuiTypography-alignCenter mt-2 css-1oi36s0-MuiTypography-root"
    >
      Progress: 
      0
      %
    </h6>
    <form
      className="mt-4"
      onSubmit={[Function]}
    >
      <div
        className="MuiFormControl-root MuiFormControl-fullWidth MuiTextField-root css-wb57ya-MuiFormControl-root-MuiTextField-root"
      >
        <label
          className="MuiFormLabel-root MuiInputLabel-root MuiInputLabel-formControl MuiInputLabel-animated MuiInputLabel-sizeMedium MuiInputLabel-outlined MuiFormLabel-colorPrimary MuiInputLabel-root MuiInputLabel-formControl MuiInputLabel-animated MuiInputLabel-sizeMedium MuiInputLabel-outlined css-14s5rfu-MuiFormLabel-root-MuiInputLabel-root"
          data-shrink={false}
          htmlFor=":r0:"
          id=":r0:-label"
        >
          Enter Progress (%)
        </label>
        <div
          className="MuiInputBase-root MuiOutlinedInput-root MuiInputBase-colorPrimary MuiInputBase-fullWidth MuiInputBase-formControl css-md26zr-MuiInputBase-root-MuiOutlinedInput-root"
          onClick={[Function]}
        >
          <input
            aria-invalid={false}
            autoFocus={false}
            className="MuiInputBase-input MuiOutlinedInput-input css-1t8l2tu-MuiInputBase-input-MuiOutlinedInput-input"
            disabled={false}
            id=":r0:"
            onAnimationStart={[Function]}
            onBlur={[Function]}
            onChange={[Function]}
            onFocus={[Function]}
            required={false}
            type="number"
            value=""
          />
          <fieldset
            aria-hidden={true}
            className="MuiOutlinedInput-notchedOutline css-1d3z3hw-MuiOutlinedInput-notchedOutline"
          >
            <legend
              className="css-yjsfm1"
            >
              <span>
                Enter Progress (%)
              </span>
            </legend>
          </fieldset>
        </div>
      </div>
    </form>
  </div>
</div>
`;
